
> avseco_f@0.1.0 build
> react-scripts build

node.exe : (node:10552) 
[DEP0176] 
DeprecationWarning: fs.F_OK 
is deprecated, use 
fs.constants.F_OK instead
At line:1 char:1
+ & "C:\Program 
Files\nodejs/node.exe" 
"C:\Program 
Files\nodejs/node_mo ...
+ ~~~~~~~~~~~~~~~~~~~~~~~~~~
~~~~~~~~~~~~~~~~~~~~~~~~~~~~
~~~~~~~~~~~~~~~
    + CategoryInfo          
    : NotSpecified: ((node  
  :10552) [D...ts.F_OK in   
 stead:String) [], Remot    
eException
    + FullyQualifiedErrorId 
    : NativeCommandError
 
(Use `node 
--trace-deprecation ...` to 
show where the warning was 
created)
Creating an optimized production build...
Failed to compile.

Module not found: Error: Can't resolve './context/AppContext' in 'D:\Work\INTERSHIP\AK TECHNOLOGIES\Projects\avseco_f (2)\avseco_f\avseco_f\src'
Did you mean 'AppContext.js'?
BREAKING CHANGE: The request './context/AppContext' failed to resolve only because it was resolved as fully specified
(probably because the origin is strict EcmaScript Module, e. g. a module with javascript mimetype, a '*.mjs' file, or a '*.js' file where the package.json contains '"type": "module"').
The extension in the request is mandatory for it to be fully specified.
Add the extension to the request.


